// Jest Snapshot v1, https://goo.gl/fbAQLP

exports[`Testing ProductTitle Deber√≠a mostrar el titulo correctamente 1`] = `
<div>
  <span
    class="productDescription "
  >
    Producto Prueba
  </span>
</div>
`;
